// Jest Snapshot v1, https://goo.gl/fbAQLP

exports[`fern generate missing docs page 1`] = `
"Failed.
ENOENT: no such file or directory, open '/Users/dsinghvi/Git/fern/packages/cli/ete-tests/src/tests/generate/fixtures/docs-missing-page/fern/generators.yml'"
`;
