// Jest Snapshot v1, https://goo.gl/fbAQLP

exports[`open api converter buzzshot simple 1`] = `
{
  "definitionFiles": {
    "__package__.yml": {},
    "api.yml": {
      "service": {
        "auth": false,
        "base-path": "/api/v2",
        "endpoints": {
          "listAccounts": {
            "display-name": undefined,
            "docs": "",
            "method": "GET",
            "path": "/accounts/",
            "request": {
              "query-parameters": {
                "page": {
                  "docs": "A page number within the paginated result set.",
                  "type": "optional<integer>",
                },
              },
            },
            "response": "_InlinedType11",
          },
          "listGames": {
            "display-name": undefined,
            "docs": "",
            "method": "GET",
            "path": "/games/",
            "request": {
              "query-parameters": {
                "after": {
                  "docs": "After",
                  "type": "optional<string>",
                },
                "before": {
                  "docs": "Before",
                  "type": "optional<string>",
                },
                "complete": {
                  "docs": "complete",
                  "type": "optional<string>",
                },
                "date": {
                  "docs": "Date",
                  "type": "optional<string>",
                },
                "page": {
                  "docs": "A page number within the paginated result set.",
                  "type": "optional<integer>",
                },
              },
            },
            "response": "_InlinedType12",
          },
          "listGroups": {
            "display-name": undefined,
            "docs": "",
            "method": "GET",
            "path": "/groups/",
            "request": {
              "query-parameters": {
                "complete": {
                  "docs": "complete",
                  "type": "optional<string>",
                },
                "is_event": {
                  "docs": "is_event",
                  "type": "optional<string>",
                },
                "page": {
                  "docs": "A page number within the paginated result set.",
                  "type": "optional<integer>",
                },
              },
            },
            "response": "_InlinedType13",
          },
          "listLocations": {
            "display-name": undefined,
            "docs": "",
            "method": "GET",
            "path": "/rooms/",
            "request": {
              "query-parameters": {
                "page": {
                  "docs": "A page number within the paginated result set.",
                  "type": "optional<integer>",
                },
              },
            },
            "response": "_InlinedType15",
          },
          "listPhotos": {
            "display-name": undefined,
            "docs": "",
            "method": "GET",
            "path": "/photos/",
            "request": {
              "query-parameters": {
                "page": {
                  "docs": "A page number within the paginated result set.",
                  "type": "optional<integer>",
                },
              },
            },
            "response": "_InlinedType16",
          },
          "listPlayers": {
            "display-name": undefined,
            "docs": "",
            "method": "GET",
            "path": "/players/",
            "request": {
              "query-parameters": {
                "page": {
                  "docs": "A page number within the paginated result set.",
                  "type": "optional<integer>",
                },
              },
            },
            "response": "_InlinedType14",
          },
          "retrieveAccount": {
            "display-name": undefined,
            "docs": "",
            "method": "GET",
            "path": "/accounts/{id}/",
            "path-parameters": {
              "id": {
                "docs": "A unique integer value identifying this account.",
                "type": "string",
              },
            },
            "response": "Room",
          },
          "retrieveGame": {
            "display-name": undefined,
            "docs": "",
            "method": "GET",
            "path": "/games/{id}/",
            "path-parameters": {
              "id": {
                "docs": "A unique integer value identifying this group.",
                "type": "string",
              },
            },
            "request": {
              "query-parameters": {
                "after": {
                  "docs": "After",
                  "type": "optional<string>",
                },
                "before": {
                  "docs": "Before",
                  "type": "optional<string>",
                },
                "complete": {
                  "docs": "complete",
                  "type": "optional<string>",
                },
                "date": {
                  "docs": "Date",
                  "type": "optional<string>",
                },
              },
            },
            "response": "Game",
          },
          "retrieveGroup": {
            "display-name": undefined,
            "docs": "",
            "method": "GET",
            "path": "/groups/{id}/",
            "path-parameters": {
              "id": {
                "docs": "A unique integer value identifying this group.",
                "type": "string",
              },
            },
            "request": {
              "query-parameters": {
                "complete": {
                  "docs": "complete",
                  "type": "optional<string>",
                },
                "is_event": {
                  "docs": "is_event",
                  "type": "optional<string>",
                },
              },
            },
            "response": "Group",
          },
          "retrieveLocation": {
            "display-name": undefined,
            "docs": "",
            "method": "GET",
            "path": "/rooms/{id}/",
            "path-parameters": {
              "id": {
                "docs": "A unique integer value identifying this location.",
                "type": "string",
              },
            },
            "response": "Room",
          },
          "retrievePhoto": {
            "display-name": undefined,
            "docs": "",
            "method": "GET",
            "path": "/photos/{photo_id}/",
            "path-parameters": {
              "photo_id": {
                "docs": "",
                "type": "string",
              },
            },
            "response": "Photo",
          },
          "retrievePlayer": {
            "display-name": undefined,
            "docs": "",
            "method": "GET",
            "path": "/players/{id}/",
            "path-parameters": {
              "id": {
                "docs": "A unique integer value identifying this player.",
                "type": "string",
              },
            },
            "response": "Player",
          },
        },
        "path-parameters": undefined,
      },
      "types": {
        "Game": {
          "extends": undefined,
          "properties": {
            "added_at": "optional<string>",
            "complete": "_InlinedType2",
            "date": "string",
            "extra_fields": "list<_InlinedType1>",
            "group": "optional<string>",
            "id": "optional<integer>",
            "name": "optional<string>",
            "photos": "optional<list<_InlinedType0>>",
            "room": "optional<string>",
            "start_at": "optional<string>",
            "time": "string",
            "updated_at": "optional<string>",
          },
        },
        "Group": {
          "extends": undefined,
          "properties": {
            "added_at": "optional<string>",
            "date": "string",
            "games": "optional<list<_InlinedType5>>",
            "id": "optional<integer>",
            "is_event": "optional<boolean>",
            "name": "optional<string>",
            "photos": "optional<list<_InlinedType8>>",
            "players": "list<_InlinedType7>",
            "start_at": "optional<string>",
            "time": "string",
            "updated_at": "optional<string>",
          },
        },
        "Photo": {
          "extends": undefined,
          "properties": {
            "added_at": "optional<string>",
            "id": "optional<string>",
            "original_image": "string",
            "processed": "list<_InlinedType10>",
          },
        },
        "Player": {
          "extends": undefined,
          "properties": {
            "added_at": "optional<string>",
            "email": "string",
            "extra_fields": "list<_InlinedType9>",
            "first_name": "optional<string>",
            "id": "optional<integer>",
            "last_name": "optional<string>",
            "marketing_email_allowed": "optional<boolean>",
            "phone": "string",
            "updated_at": "optional<string>",
          },
        },
        "Room": {
          "extends": undefined,
          "properties": {
            "hidden": "optional<boolean>",
            "id": "optional<integer>",
            "name": "string",
          },
        },
        "_InlinedType0": {
          "extends": undefined,
          "properties": {
            "added_at": "optional<string>",
            "photo": "string",
            "processed_image": "optional<string>",
            "ready": "optional<string>",
          },
        },
        "_InlinedType1": {
          "extends": undefined,
          "properties": {
            "key": "string",
            "label": "optional<string>",
            "present": "boolean",
            "value": "optional<map<string, unknown>>",
          },
        },
        "_InlinedType10": {
          "extends": undefined,
          "properties": {
            "added_at": "optional<string>",
            "game": "optional<string>",
            "group": "optional<string>",
            "photo": "string",
            "processed_image": "optional<string>",
            "ready": "optional<string>",
          },
        },
        "_InlinedType11": {
          "extends": undefined,
          "properties": {
            "count": "optional<integer>",
            "next": "optional<string>",
            "previous": "optional<string>",
            "results": "optional<list<Room>>",
          },
        },
        "_InlinedType12": {
          "extends": undefined,
          "properties": {
            "count": "optional<integer>",
            "next": "optional<string>",
            "previous": "optional<string>",
            "results": "optional<list<Game>>",
          },
        },
        "_InlinedType13": {
          "extends": undefined,
          "properties": {
            "count": "optional<integer>",
            "next": "optional<string>",
            "previous": "optional<string>",
            "results": "optional<list<Group>>",
          },
        },
        "_InlinedType14": {
          "extends": undefined,
          "properties": {
            "count": "optional<integer>",
            "next": "optional<string>",
            "previous": "optional<string>",
            "results": "optional<list<Player>>",
          },
        },
        "_InlinedType15": {
          "extends": undefined,
          "properties": {
            "count": "optional<integer>",
            "next": "optional<string>",
            "previous": "optional<string>",
            "results": "optional<list<Room>>",
          },
        },
        "_InlinedType16": {
          "extends": undefined,
          "properties": {
            "count": "optional<integer>",
            "next": "optional<string>",
            "previous": "optional<string>",
            "results": "optional<list<Photo>>",
          },
        },
        "_InlinedType2": {
          "extends": undefined,
          "properties": {
            "completed_at": "string",
            "completion_time": "optional<integer>",
            "did_win": "optional<boolean>",
            "hints": "optional<integer>",
            "score": "optional<integer>",
          },
        },
        "_InlinedType3": {
          "extends": undefined,
          "properties": {
            "key": "string",
            "label": "optional<string>",
            "present": "boolean",
            "value": "optional<map<string, unknown>>",
          },
        },
        "_InlinedType4": {
          "extends": undefined,
          "properties": {
            "completed_at": "string",
            "completion_time": "optional<integer>",
            "did_win": "optional<boolean>",
            "hints": "optional<integer>",
            "score": "optional<integer>",
          },
        },
        "_InlinedType5": {
          "extends": undefined,
          "properties": {
            "added_at": "optional<string>",
            "complete": "_InlinedType4",
            "date": "string",
            "extra_fields": "list<_InlinedType3>",
            "id": "optional<integer>",
            "name": "optional<string>",
            "room": "optional<string>",
            "start_at": "optional<string>",
            "time": "string",
            "updated_at": "optional<string>",
          },
        },
        "_InlinedType6": {
          "extends": undefined,
          "properties": {
            "key": "string",
            "label": "optional<string>",
            "present": "boolean",
            "value": "optional<map<string, unknown>>",
          },
        },
        "_InlinedType7": {
          "extends": undefined,
          "properties": {
            "added_at": "optional<string>",
            "email": "string",
            "extra_fields": "list<_InlinedType6>",
            "first_name": "optional<string>",
            "last_name": "optional<string>",
            "phone": "string",
            "player": "optional<string>",
            "signature": "optional<string>",
            "updated_at": "optional<string>",
          },
        },
        "_InlinedType8": {
          "extends": undefined,
          "properties": {
            "added_at": "optional<string>",
            "game": "optional<string>",
            "photo": "string",
            "processed_image": "optional<string>",
            "ready": "optional<string>",
          },
        },
        "_InlinedType9": {
          "extends": undefined,
          "properties": {
            "key": "string",
            "label": "optional<string>",
            "present": "boolean",
            "value": "optional<map<string, unknown>>",
          },
        },
      },
    },
    "commons.yml": {},
  },
  "rootApiFile": {
    "auth": undefined,
    "auth-schemes": undefined,
    "display-name": "",
    "headers": {},
    "name": "api",
  },
}
`;
